

Working Directory = /home/l01group3/vlsi/2211454/work/synthesis_env/Genus_BoundFlasher/BTL
QoS Summary for top
==========================================================================================
Metric                          generic         map             syn_opt         final          
==========================================================================================
Slack (ps):                     2,091           1,122           1,550           1,550
  R2R (ps):                     3,174           1,122           1,550           1,550
  I2R (ps):                  no_value        no_value        no_value        no_value
  R2O (ps):                     2,091           2,179           2,179           2,179
  I2O (ps):                  no_value        no_value        no_value        no_value
  CG  (ps):                  no_value        no_value        no_value        no_value
TNS (ps):                           0               0               0               0
  R2R (ps):                         0               0               0               0
  I2R (ps):                  no_value        no_value        no_value        no_value
  R2O (ps):                         0               0               0               0
  I2O (ps):                  no_value        no_value        no_value        no_value
  CG  (ps):                  no_value        no_value        no_value        no_value
Failing Paths:                      0               0               0               0
Cell Area:                      4,997           3,114           3,107           3,107
Total Cell Area:                4,997           3,114           3,107           3,107
Leaf Instances:                 1,046             760             751             751
Total Instances:                1,046             760             751             751
Utilization (%):                 0.00            0.00            0.00            0.00
Tot. Net Length (um):        no_value        no_value        no_value        no_value
Avg. Net Length (um):        no_value        no_value        no_value        no_value
Route Overflow H (%):        no_value        no_value        no_value        no_value
Route Overflow V (%):        no_value        no_value        no_value        no_value
MBCI(%) (bits/gate) :            0.00            0.00            0.00            0.00
Norm Cong Hotspot Area:
  Max Cong:                  no_value        no_value        no_value        no_value
  Tot Cong:                  no_value        no_value        no_value        no_value
==========================================================================================
CPU  Runtime (h:m:s):        00:00:14        00:00:10        00:00:05        00:00:00
Real Runtime (h:m:s):        00:00:18        00:00:09        00:00:06        00:00:01
CPU  Elapsed (h:m:s):        00:00:22        00:00:32        00:00:37        00:00:37
Real Elapsed (h:m:s):        00:00:22        00:00:30        00:00:36        00:00:37
Memory (MB):                  1606.46         1607.48         1608.30         1609.30
==========================================================================================
==========================================================================================
Flow Settings:
==========================================================================================
Total Runtime (h:m:s): 00:00:35
Total Memory (MB):     1609.30
Executable Version:    22.17-s071_1
==========================================================================================
Total Cell Area =  Cell Area + Physical Cell Area
Total Instances =  Leaf Instances + Physical Instances


