

Working Directory = /home/l01group3/vlsi/2211454/work/synthesis_env/Genus_BoundFlasher/BTL
QoS Summary for top
==========================================================================================
Metric                          generic         map             syn_opt         final          
==========================================================================================
Slack (ps):                     2,086             759             560             560
  R2R (ps):                     3,252             759             560             560
  I2R (ps):                  no_value        no_value        no_value        no_value
  R2O (ps):                     2,086           2,162           2,085           2,085
  I2O (ps):                  no_value        no_value        no_value        no_value
  CG  (ps):                     4,106           3,073           2,458           2,458
TNS (ps):                           0               0               0               0
  R2R (ps):                         0               0               0               0
  I2R (ps):                  no_value        no_value        no_value        no_value
  R2O (ps):                         0               0               0               0
  I2O (ps):                  no_value        no_value        no_value        no_value
  CG  (ps):                         0               0               0               0
Failing Paths:                      0               0               0               0
Leakage Power (nW):               160             102              99              99
Cell Area:                        234           2,920           2,948           2,948
Total Cell Area:                  234           2,920           2,948           2,948
Leaf Instances:                 1,071             800             791             791
Total Instances:                1,071             800             791             791
Utilization (%):                 0.00            0.00            0.00            0.00
Tot. Net Length (um):        no_value        no_value        no_value        no_value
Avg. Net Length (um):        no_value        no_value        no_value        no_value
Route Overflow H (%):        no_value        no_value        no_value        no_value
Route Overflow V (%):        no_value        no_value        no_value        no_value
MBCI(%) (bits/gate) :            0.00            0.00            0.00            0.00
Norm Cong Hotspot Area:
  Max Cong:                  no_value        no_value        no_value        no_value
  Tot Cong:                  no_value        no_value        no_value        no_value
==========================================================================================
CPU  Runtime (h:m:s):        00:00:14        00:00:10        00:00:01        00:00:00
Real Runtime (h:m:s):        00:00:21        00:00:16        00:00:05        00:00:02
CPU  Elapsed (h:m:s):        00:00:22        00:00:32        00:00:33        00:00:34
Real Elapsed (h:m:s):        00:00:24        00:00:40        00:00:45        00:00:47
Memory (MB):                  1611.13         1620.98         1623.80         1623.80
==========================================================================================
==========================================================================================
Flow Settings:
==========================================================================================
Total Runtime (h:m:s): 00:00:45
Total Memory (MB):     1623.80
Executable Version:    22.17-s071_1
==========================================================================================
Total Cell Area =  Cell Area + Physical Cell Area
Total Instances =  Leaf Instances + Physical Instances


